[debug] [2026-08-18T01:33:55.937Z] ----------------------------------------------------------------------
[debug] [2026-08-18T01:33:55.939Z] Command:       /Users/summer/.nvm/versions/node/v24.18.0/bin/node /Users/summer/.nvm/versions/node/v24.18.0/bin/firebase init
[debug] [2026-08-18T01:33:55.939Z] CLI Version:   15.27.0
[debug] [2026-08-18T01:33:55.939Z] Platform:      darwin
[debug] [2026-08-18T01:33:55.939Z] Node Version:  v24.18.0
[debug] [2026-08-18T01:33:55.939Z] Detected Agent: unknown
[debug] [2026-08-18T01:33:55.939Z] Time:          Tue Aug 18 2026 09:33:55 GMT+0800 (Ulaanbaatar Standard Time)
[debug] [2026-08-18T01:33:55.939Z] ----------------------------------------------------------------------
[debug] 
[debug] [2026-08-18T01:33:55.945Z] >>> [apiv2][query] GET https://firebase-public.firebaseio.com/cli.json [none]
[info] 
     ######## #### ########  ######## ########     ###     ######  ########
     ##        ##  ##     ## ##       ##     ##  ##   ##  ##       ##
     ######    ##  ########  ######   ########  #########  ######  ######
     ##        ##  ##    ##  ##       ##     ## ##     ##       ## ##
     ##       #### ##     ## ######## ########  ##     ##  ######  ########

You're about to initialize a Firebase project in this directory:

  /Users/summer/Desktop/summer_course_2026

[debug] [2026-08-18T01:33:57.169Z] <<< [apiv2][status] GET https://firebase-public.firebaseio.com/cli.json 200
[debug] [2026-08-18T01:33:57.169Z] <<< [apiv2][body] GET https://firebase-public.firebaseio.com/cli.json {"cloudBuildErrorAfter":1594252800000,"cloudBuildWarnAfter":1590019200000,"defaultNode10After":1594252800000,"minVersion":"3.0.5","node8DeploysDisabledAfter":1613390400000,"node8RuntimeDisabledAfter":1615809600000,"node8WarnAfter":1600128000000}
[info] 
=== Project Setup
[info] 
[info] First, let's associate this project directory with a Firebase project.
[info] You can create multiple project aliases by running firebase use --add, 
[info] 
[debug] [2026-08-18T01:35:00.049Z] > command requires scopes: ["email","openid","https://www.googleapis.com/auth/cloudplatformprojects.readonly","https://www.googleapis.com/auth/firebase","https://www.googleapis.com/auth/cloud-platform"]
[debug] [2026-08-18T01:35:00.049Z] > authorizing via signed-in user (garidnanzaddorj@gmail.com)
[debug] [2026-08-18T01:35:00.050Z] Checked if tokens are valid: false, expires at: 1785729041671
[debug] [2026-08-18T01:35:00.050Z] Checked if tokens are valid: false, expires at: 1785729041671
[debug] [2026-08-18T01:35:00.050Z] > refreshing access token with scopes: []
[debug] [2026-08-18T01:35:00.052Z] >>> [apiv2][query] POST https://www.googleapis.com/oauth2/v3/token [none]
[debug] [2026-08-18T01:35:00.052Z] >>> [apiv2][body] POST https://www.googleapis.com/oauth2/v3/token [omitted]
[debug] [2026-08-18T01:35:01.360Z] <<< [apiv2][status] POST https://www.googleapis.com/oauth2/v3/token 200
[debug] [2026-08-18T01:35:01.360Z] <<< [apiv2][body] POST https://www.googleapis.com/oauth2/v3/token [omitted]
[debug] [2026-08-18T01:35:01.375Z] >>> [apiv2][query] GET https://firebase.googleapis.com/v1beta1/projects/summer-course-2026-garid [none]
[debug] [2026-08-18T01:35:01.982Z] <<< [apiv2][status] GET https://firebase.googleapis.com/v1beta1/projects/summer-course-2026-garid 200
[debug] [2026-08-18T01:35:01.982Z] <<< [apiv2][body] GET https://firebase.googleapis.com/v1beta1/projects/summer-course-2026-garid {"projectId":"summer-course-2026-garid","projectNumber":"407774226726","displayName":"summer-course-2026-Garid","name":"projects/summer-course-2026-garid","resources":{"hostingSite":"summer-course-2026-garid"},"state":"ACTIVE","labels":{"firebase":"enabled"},"etag":"1_edcb156b-db1a-499b-a0b0-d4877e088914"}
[info] i  Using project summer-course-2026-garid (summer-course-2026-Garid) . 
[info] 
=== Dataconnect Setup
[info] i  dataconnect: ensuring required API firebasedataconnect.googleapis.com is enabled... 
[debug] [2026-08-18T01:35:01.994Z] Checked if tokens are valid: true, expires at: 1787020500360
[debug] [2026-08-18T01:35:01.994Z] Checked if tokens are valid: true, expires at: 1787020500360
[info] i  dataconnect: ensuring required API sqladmin.googleapis.com is enabled... 
[debug] [2026-08-18T01:35:01.995Z] Checked if tokens are valid: true, expires at: 1787020500360
[debug] [2026-08-18T01:35:01.995Z] Checked if tokens are valid: true, expires at: 1787020500360
[debug] [2026-08-18T01:35:01.996Z] >>> [apiv2][query] GET https://serviceusage.googleapis.com/v1/projects/summer-course-2026-garid/services/firebasedataconnect.googleapis.com [none]
[debug] [2026-08-18T01:35:01.996Z] >>> [apiv2][(partial)header] GET https://serviceusage.googleapis.com/v1/projects/summer-course-2026-garid/services/firebasedataconnect.googleapis.com  x-goog-user-project=summer-course-2026-garid
[debug] [2026-08-18T01:35:01.998Z] >>> [apiv2][query] GET https://serviceusage.googleapis.com/v1/projects/summer-course-2026-garid/services/sqladmin.googleapis.com [none]
[debug] [2026-08-18T01:35:01.998Z] >>> [apiv2][(partial)header] GET https://serviceusage.googleapis.com/v1/projects/summer-course-2026-garid/services/sqladmin.googleapis.com  x-goog-user-project=summer-course-2026-garid
[debug] [2026-08-18T01:35:03.624Z] <<< [apiv2][status] GET https://serviceusage.googleapis.com/v1/projects/summer-course-2026-garid/services/firebasedataconnect.googleapis.com 200
[debug] [2026-08-18T01:35:03.624Z] <<< [apiv2][body] GET https://serviceusage.googleapis.com/v1/projects/summer-course-2026-garid/services/firebasedataconnect.googleapis.com [omitted]
[warn] ⚠  dataconnect: missing required API firebasedataconnect.googleapis.com. Enabling now... 
[debug] [2026-08-18T01:35:03.625Z] Checked if tokens are valid: true, expires at: 1787020500360
[debug] [2026-08-18T01:35:03.626Z] Checked if tokens are valid: true, expires at: 1787020500360
[debug] [2026-08-18T01:35:03.626Z] >>> [apiv2][query] POST https://serviceusage.googleapis.com/v1/projects/summer-course-2026-garid/services/firebasedataconnect.googleapis.com:enable [none]
[debug] [2026-08-18T01:35:03.626Z] >>> [apiv2][(partial)header] POST https://serviceusage.googleapis.com/v1/projects/summer-course-2026-garid/services/firebasedataconnect.googleapis.com:enable  x-goog-user-project=summer-course-2026-garid
[debug] [2026-08-18T01:35:03.629Z] <<< [apiv2][status] GET https://serviceusage.googleapis.com/v1/projects/summer-course-2026-garid/services/sqladmin.googleapis.com 200
[debug] [2026-08-18T01:35:03.629Z] <<< [apiv2][body] GET https://serviceusage.googleapis.com/v1/projects/summer-course-2026-garid/services/sqladmin.googleapis.com [omitted]
[warn] ⚠  dataconnect: missing required API sqladmin.googleapis.com. Enabling now... 
[debug] [2026-08-18T01:35:03.629Z] Checked if tokens are valid: true, expires at: 1787020500360
[debug] [2026-08-18T01:35:03.629Z] Checked if tokens are valid: true, expires at: 1787020500360
[debug] [2026-08-18T01:35:03.629Z] >>> [apiv2][query] POST https://serviceusage.googleapis.com/v1/projects/summer-course-2026-garid/services/sqladmin.googleapis.com:enable [none]
[debug] [2026-08-18T01:35:03.629Z] >>> [apiv2][(partial)header] POST https://serviceusage.googleapis.com/v1/projects/summer-course-2026-garid/services/sqladmin.googleapis.com:enable  x-goog-user-project=summer-course-2026-garid
[debug] [2026-08-18T01:35:04.133Z] <<< [apiv2][status] POST https://serviceusage.googleapis.com/v1/projects/summer-course-2026-garid/services/firebasedataconnect.googleapis.com:enable 200
[debug] [2026-08-18T01:35:04.133Z] <<< [apiv2][body] POST https://serviceusage.googleapis.com/v1/projects/summer-course-2026-garid/services/firebasedataconnect.googleapis.com:enable [omitted]
[debug] [2026-08-18T01:35:05.009Z] <<< [apiv2][status] POST https://serviceusage.googleapis.com/v1/projects/summer-course-2026-garid/services/sqladmin.googleapis.com:enable 200
[debug] [2026-08-18T01:35:05.009Z] <<< [apiv2][body] POST https://serviceusage.googleapis.com/v1/projects/summer-course-2026-garid/services/sqladmin.googleapis.com:enable [omitted]
[debug] [2026-08-18T01:35:15.022Z] Checked if tokens are valid: true, expires at: 1787020500360
[debug] [2026-08-18T01:35:15.023Z] Checked if tokens are valid: true, expires at: 1787020500360
[debug] [2026-08-18T01:35:15.023Z] >>> [apiv2][query] GET https://firebasedataconnect.googleapis.com/v1/projects/summer-course-2026-garid/locations/-/services [none]
[debug] [2026-08-18T01:35:16.827Z] <<< [apiv2][status] GET https://firebasedataconnect.googleapis.com/v1/projects/summer-course-2026-garid/locations/-/services 200
[debug] [2026-08-18T01:35:16.828Z] <<< [apiv2][body] GET https://firebasedataconnect.googleapis.com/v1/projects/summer-course-2026-garid/locations/-/services {}
[debug] [2026-08-18T01:35:16.848Z] Checked if tokens are valid: true, expires at: 1787020500360
[debug] [2026-08-18T01:35:16.849Z] Checked if tokens are valid: true, expires at: 1787020500360
[debug] [2026-08-18T01:35:16.849Z] >>> [apiv2][query] GET https://serviceusage.googleapis.com/v1/projects/summer-course-2026-garid/services/cloudbilling.googleapis.com [none]
[debug] [2026-08-18T01:35:16.849Z] >>> [apiv2][(partial)header] GET https://serviceusage.googleapis.com/v1/projects/summer-course-2026-garid/services/cloudbilling.googleapis.com  x-goog-user-project=summer-course-2026-garid
[debug] [2026-08-18T01:35:18.469Z] <<< [apiv2][status] GET https://serviceusage.googleapis.com/v1/projects/summer-course-2026-garid/services/cloudbilling.googleapis.com 200
[debug] [2026-08-18T01:35:18.469Z] <<< [apiv2][body] GET https://serviceusage.googleapis.com/v1/projects/summer-course-2026-garid/services/cloudbilling.googleapis.com [omitted]
[debug] [2026-08-18T01:35:18.470Z] Checked if tokens are valid: true, expires at: 1787020500360
[debug] [2026-08-18T01:35:18.470Z] Checked if tokens are valid: true, expires at: 1787020500360
[debug] [2026-08-18T01:35:18.470Z] >>> [apiv2][query] POST https://serviceusage.googleapis.com/v1/projects/summer-course-2026-garid/services/cloudbilling.googleapis.com:enable [none]
[debug] [2026-08-18T01:35:18.470Z] >>> [apiv2][(partial)header] POST https://serviceusage.googleapis.com/v1/projects/summer-course-2026-garid/services/cloudbilling.googleapis.com:enable  x-goog-user-project=summer-course-2026-garid
[debug] [2026-08-18T01:35:19.860Z] <<< [apiv2][status] POST https://serviceusage.googleapis.com/v1/projects/summer-course-2026-garid/services/cloudbilling.googleapis.com:enable 200
[debug] [2026-08-18T01:35:19.861Z] <<< [apiv2][body] POST https://serviceusage.googleapis.com/v1/projects/summer-course-2026-garid/services/cloudbilling.googleapis.com:enable [omitted]
[debug] [2026-08-18T01:35:29.879Z] Checked if tokens are valid: true, expires at: 1787020500360
[debug] [2026-08-18T01:35:29.880Z] Checked if tokens are valid: true, expires at: 1787020500360
[debug] [2026-08-18T01:35:29.880Z] >>> [apiv2][query] GET https://cloudbilling.googleapis.com/v1/projects/summer-course-2026-garid/billingInfo [none]
[debug] [2026-08-18T01:35:29.880Z] >>> [apiv2][(partial)header] GET https://cloudbilling.googleapis.com/v1/projects/summer-course-2026-garid/billingInfo  x-goog-user-project=summer-course-2026-garid
[debug] [2026-08-18T01:35:31.358Z] <<< [apiv2][status] GET https://cloudbilling.googleapis.com/v1/projects/summer-course-2026-garid/billingInfo 200
[debug] [2026-08-18T01:35:31.358Z] <<< [apiv2][body] GET https://cloudbilling.googleapis.com/v1/projects/summer-course-2026-garid/billingInfo {"name":"projects/summer-course-2026-garid/billingInfo","projectId":"summer-course-2026-garid","billingAccountName":"","billingEnabled":false}
[debug] [2026-08-18T01:35:31.359Z] Checked if tokens are valid: true, expires at: 1787020500360
[debug] [2026-08-18T01:35:31.359Z] Checked if tokens are valid: true, expires at: 1787020500360
[debug] [2026-08-18T01:35:31.360Z] >>> [apiv2][query] GET https://monitoring.googleapis.com/v3/projects/summer-course-2026-garid/timeSeries/ filter=metric.type%3D%22serviceruntime.googleapis.com%2Fquota%2Fallocation%2Fusage%22+AND+metric.label.quota_metric+%3D+%22sqladmin.googleapis.com%2Ffdc_lifetime_free_trial_per_project%22&interval.endTime=2026-08-18T01%3A35%3A31.359Z&interval.startTime=2026-08-11T01%3A35%3A31.359Z
[debug] [2026-08-18T01:35:33.006Z] <<< [apiv2][status] GET https://monitoring.googleapis.com/v3/projects/summer-course-2026-garid/timeSeries/ 200
[debug] [2026-08-18T01:35:33.007Z] <<< [apiv2][body] GET https://monitoring.googleapis.com/v3/projects/summer-course-2026-garid/timeSeries/ {"unit":"1"}
[info] ✔  dataconnect: CloudSQL no cost trial available! 
[debug] [2026-08-18T01:35:33.008Z] Checked if tokens are valid: true, expires at: 1787020500360
[debug] [2026-08-18T01:35:33.008Z] Checked if tokens are valid: true, expires at: 1787020500360
[debug] [2026-08-18T01:35:33.008Z] >>> [apiv2][query] GET https://sqladmin.googleapis.com/v1/projects/summer-course-2026-garid/instances [none]
[debug] [2026-08-18T01:35:34.959Z] <<< [apiv2][status] GET https://sqladmin.googleapis.com/v1/projects/summer-course-2026-garid/instances 200
[debug] [2026-08-18T01:35:34.959Z] <<< [apiv2][body] GET https://sqladmin.googleapis.com/v1/projects/summer-course-2026-garid/instances {}
[debug] [2026-08-18T01:35:34.960Z] Checked if tokens are valid: true, expires at: 1787020500360
[debug] [2026-08-18T01:35:34.960Z] Checked if tokens are valid: true, expires at: 1787020500360
[debug] [2026-08-18T01:35:34.960Z] >>> [apiv2][query] GET https://firebasedataconnect.googleapis.com/v1/projects/summer-course-2026-garid/locations [none]
[debug] [2026-08-18T01:35:36.344Z] <<< [apiv2][status] GET https://firebasedataconnect.googleapis.com/v1/projects/summer-course-2026-garid/locations 200
[debug] [2026-08-18T01:35:36.345Z] <<< [apiv2][body] GET https://firebasedataconnect.googleapis.com/v1/projects/summer-course-2026-garid/locations {"locations":[{"name":"projects/summer-course-2026-garid/locations/asia-east1","locationId":"asia-east1","displayName":"Taiwan"},{"name":"projects/summer-course-2026-garid/locations/asia-east2","locationId":"asia-east2","displayName":"Hong Kong"},{"name":"projects/summer-course-2026-garid/locations/asia-northeast1","locationId":"asia-northeast1","displayName":"Tokyo"},{"name":"projects/summer-course-2026-garid/locations/asia-northeast2","locationId":"asia-northeast2","displayName":"Osaka"},{"name":"projects/summer-course-2026-garid/locations/asia-northeast3","locationId":"asia-northeast3","displayName":"Seoul"},{"name":"projects/summer-course-2026-garid/locations/asia-south1","locationId":"asia-south1","displayName":"Mumbai"},{"name":"projects/summer-course-2026-garid/locations/asia-southeast1","locationId":"asia-southeast1","displayName":"Singapore"},{"name":"projects/summer-course-2026-garid/locations/asia-southeast2","locationId":"asia-southeast2","displayName":"Jakarta"},{"name":"projects/summer-course-2026-garid/locations/australia-southeast1","locationId":"australia-southeast1","displayName":"Sydney"},{"name":"projects/summer-course-2026-garid/locations/australia-southeast2","locationId":"australia-southeast2","displayName":"Melbourne"},{"name":"projects/summer-course-2026-garid/locations/europe-central2","locationId":"europe-central2","displayName":"Warsaw"},{"name":"projects/summer-course-2026-garid/locations/europe-north1","locationId":"europe-north1","displayName":"Finland"},{"name":"projects/summer-course-2026-garid/locations/europe-southwest1","locationId":"europe-southwest1","displayName":"Madrid"},{"name":"projects/summer-course-2026-garid/locations/europe-west1","locationId":"europe-west1","displayName":"Belgium"},{"name":"projects/summer-course-2026-garid/locations/europe-west2","locationId":"europe-west2","displayName":"London"},{"name":"projects/summer-course-2026-garid/locations/europe-west3","locationId":"europe-west3","displayName":"Frankfurt"},{"name":"projects/summer-course-2026-garid/locations/europe-west4","locationId":"europe-west4","displayName":"Netherlands"},{"name":"projects/summer-course-2026-garid/locations/europe-west6","locationId":"europe-west6","displayName":"Zurich"},{"name":"projects/summer-course-2026-garid/locations/europe-west8","locationId":"europe-west8","displayName":"Milan"},{"name":"projects/summer-course-2026-garid/locations/europe-west9","locationId":"europe-west9","displayName":"Paris"},{"name":"projects/summer-course-2026-garid/locations/me-west1","locationId":"me-west1","displayName":"Tel Aviv"},{"name":"projects/summer-course-2026-garid/locations/northamerica-northeast1","locationId":"northamerica-northeast1","displayName":"Montréal"},{"name":"projects/summer-course-2026-garid/locations/northamerica-northeast2","locationId":"northamerica-northeast2","displayName":"Toronto"},{"name":"projects/summer-course-2026-garid/locations/southamerica-east1","locationId":"southamerica-east1","displayName":"São Paulo"},{"name":"projects/summer-course-2026-garid/locations/southamerica-west1","locationId":"southamerica-west1","displayName":"Santiago"},{"name":"projects/summer-course-2026-garid/locations/us-central1","locationId":"us-central1","displayName":"Iowa"},{"name":"projects/summer-course-2026-garid/locations/us-east1","locationId":"us-east1","displayName":"South Carolina"},{"name":"projects/summer-course-2026-garid/locations/us-east4","locationId":"us-east4","displayName":"Northern Virginia"},{"name":"projects/summer-course-2026-garid/locations/us-south1","locationId":"us-south1","displayName":"Dallas"},{"name":"projects/summer-course-2026-garid/locations/us-west1","locationId":"us-west1","displayName":"Oregon"},{"name":"projects/summer-course-2026-garid/locations/us-west2","locationId":"us-west2","displayName":"Los Angeles"},{"name":"projects/summer-course-2026-garid/locations/us-west3","locationId":"us-west3","displayName":"Salt Lake City"},{"name":"projects/summer-course-2026-garid/locations/us-west4","locationId":"us-west4","displayName":"Las Vegas"}]}
[warn] ⚠  dataconnect: Cannot detect an existing app in the current directory. 
[debug] [2026-08-18T01:36:29.236Z] Checked if tokens are valid: true, expires at: 1787020500360
[debug] [2026-08-18T01:36:29.236Z] Checked if tokens are valid: true, expires at: 1787020500360
[debug] [2026-08-18T01:36:29.236Z] >>> [apiv2][query] GET https://firebasedataconnect.googleapis.com/v1/projects/summer-course-2026-garid/locations/asia-east2/services/summercourse2026/schemas pageSize=100&pageToken=&fields=schemas.name%2Cschemas.datasources%2Cschemas.source
[debug] [2026-08-18T01:36:29.651Z] <<< [apiv2][status] GET https://firebasedataconnect.googleapis.com/v1/projects/summer-course-2026-garid/locations/asia-east2/services/summercourse2026/schemas 404
[debug] [2026-08-18T01:36:29.652Z] <<< [apiv2][body] GET https://firebasedataconnect.googleapis.com/v1/projects/summer-course-2026-garid/locations/asia-east2/services/summercourse2026/schemas {"error":{"code":404,"message":"Resource 'services/summercourse2026' was not found","status":"NOT_FOUND","details":[{"@type":"type.googleapis.com/google.rpc.ResourceInfo","resourceName":"services/summercourse2026"}]}}
[info] ✔  Wrote dataconnect/dataconnect.yaml 
[info] ✔  Wrote dataconnect/seed_data.gql 
[info] ✔  Wrote dataconnect/schema/schema.gql 
[info] ✔  Wrote dataconnect/example/connector.yaml 
[info] ✔  Wrote dataconnect/example/queries.gql 
[info] ✔  Wrote dataconnect/example/mutations.gql 
[info] i  dataconnect: No apps to setup SQL Connect Generated SDKs 
[info] 
=== Firestore Setup
[info] i  firestore: ensuring required API firestore.googleapis.com is enabled... 
[debug] [2026-08-18T01:36:29.682Z] Checked if tokens are valid: true, expires at: 1787020500360
[debug] [2026-08-18T01:36:29.682Z] Checked if tokens are valid: true, expires at: 1787020500360
[debug] [2026-08-18T01:36:29.683Z] >>> [apiv2][query] GET https://serviceusage.googleapis.com/v1/projects/summer-course-2026-garid/services/firestore.googleapis.com [none]
[debug] [2026-08-18T01:36:29.683Z] >>> [apiv2][(partial)header] GET https://serviceusage.googleapis.com/v1/projects/summer-course-2026-garid/services/firestore.googleapis.com  x-goog-user-project=summer-course-2026-garid
[debug] [2026-08-18T01:36:31.176Z] <<< [apiv2][status] GET https://serviceusage.googleapis.com/v1/projects/summer-course-2026-garid/services/firestore.googleapis.com 200
[debug] [2026-08-18T01:36:31.177Z] <<< [apiv2][body] GET https://serviceusage.googleapis.com/v1/projects/summer-course-2026-garid/services/firestore.googleapis.com [omitted]
[warn] ⚠  firestore: missing required API firestore.googleapis.com. Enabling now... 
[debug] [2026-08-18T01:36:31.177Z] Checked if tokens are valid: true, expires at: 1787020500360
[debug] [2026-08-18T01:36:31.177Z] Checked if tokens are valid: true, expires at: 1787020500360
[debug] [2026-08-18T01:36:31.177Z] >>> [apiv2][query] POST https://serviceusage.googleapis.com/v1/projects/summer-course-2026-garid/services/firestore.googleapis.com:enable [none]
[debug] [2026-08-18T01:36:31.177Z] >>> [apiv2][(partial)header] POST https://serviceusage.googleapis.com/v1/projects/summer-course-2026-garid/services/firestore.googleapis.com:enable  x-goog-user-project=summer-course-2026-garid
[debug] [2026-08-18T01:36:31.685Z] <<< [apiv2][status] POST https://serviceusage.googleapis.com/v1/projects/summer-course-2026-garid/services/firestore.googleapis.com:enable 200
[debug] [2026-08-18T01:36:31.686Z] <<< [apiv2][body] POST https://serviceusage.googleapis.com/v1/projects/summer-course-2026-garid/services/firestore.googleapis.com:enable [omitted]
[debug] [2026-08-18T01:36:41.705Z] Checked if tokens are valid: true, expires at: 1787020500360
[debug] [2026-08-18T01:36:41.705Z] Checked if tokens are valid: true, expires at: 1787020500360
[debug] [2026-08-18T01:36:41.705Z] >>> [apiv2][query] GET https://firestore.googleapis.com/v1/projects/summer-course-2026-garid/databases [none]
[debug] [2026-08-18T01:36:43.564Z] <<< [apiv2][status] GET https://firestore.googleapis.com/v1/projects/summer-course-2026-garid/databases 200
[debug] [2026-08-18T01:36:43.565Z] <<< [apiv2][body] GET https://firestore.googleapis.com/v1/projects/summer-course-2026-garid/databases {}
[debug] [2026-08-18T01:36:43.565Z] Checked if tokens are valid: true, expires at: 1787020500360
[debug] [2026-08-18T01:36:43.565Z] Checked if tokens are valid: true, expires at: 1787020500360
[debug] [2026-08-18T01:36:43.566Z] >>> [apiv2][query] GET https://firestore.googleapis.com/v1/projects/summer-course-2026-garid/locations [none]
[debug] [2026-08-18T01:36:43.974Z] <<< [apiv2][status] GET https://firestore.googleapis.com/v1/projects/summer-course-2026-garid/locations 200
[debug] [2026-08-18T01:36:43.975Z] <<< [apiv2][body] GET https://firestore.googleapis.com/v1/projects/summer-course-2026-garid/locations {"locations":[{"name":"projects/summer-course-2026-garid/locations/eur3","labels":{"appengine.googleapis.com/geo":"europe-west","cloud.googleapis.com/location":"eur3","cloud.googleapis.com/geo":"eur3"},"metadata":{"@type":"type.googleapis.com/google.firestore.admin.v1.LocationMetadata"},"locationId":"eur3","displayName":"Europe"},{"name":"projects/summer-course-2026-garid/locations/nam5","labels":{"appengine.googleapis.com/geo":"us-central","cloud.googleapis.com/location":"nam5","cloud.googleapis.com/geo":"nam5"},"metadata":{"@type":"type.googleapis.com/google.firestore.admin.v1.LocationMetadata"},"locationId":"nam5","displayName":"United States"},{"name":"projects/summer-course-2026-garid/locations/nam7","labels":{"cloud.googleapis.com/location":"nam7","cloud.googleapis.com/geo":"nam7"},"metadata":{"@type":"type.googleapis.com/google.firestore.admin.v1.LocationMetadata"},"locationId":"nam7","displayName":"United States"},{"name":"projects/summer-course-2026-garid/locations/africa-south1","labels":{"cloud.googleapis.com/location":"africa-south1","cloud.googleapis.com/region":"africa-south1"},"metadata":{"@type":"type.googleapis.com/google.firestore.admin.v1.LocationMetadata"},"locationId":"africa-south1","displayName":"Johannesburg"},{"name":"projects/summer-course-2026-garid/locations/asia-east1","labels":{"appengine.googleapis.com/region":"asia-east1","cloud.googleapis.com/location":"asia-east1","cloud.googleapis.com/region":"asia-east1"},"metadata":{"@type":"type.googleapis.com/google.firestore.admin.v1.LocationMetadata"},"locationId":"asia-east1","displayName":"Taiwan"},{"name":"projects/summer-course-2026-garid/locations/asia-east2","labels":{"appengine.googleapis.com/region":"asia-east2","cloud.googleapis.com/location":"asia-east2","cloud.googleapis.com/region":"asia-east2"},"metadata":{"@type":"type.googleapis.com/google.firestore.admin.v1.LocationMetadata"},"locationId":"asia-east2","displayName":"Hong Kong"},{"name":"projects/summer-course-2026-garid/locations/asia-northeast1","labels":{"appengine.googleapis.com/region":"asia-northeast1","cloud.googleapis.com/location":"asia-northeast1","cloud.googleapis.com/region":"asia-northeast1"},"metadata":{"@type":"type.googleapis.com/google.firestore.admin.v1.LocationMetadata"},"locationId":"asia-northeast1","displayName":"Tokyo"},{"name":"projects/summer-course-2026-garid/locations/asia-northeast2","labels":{"appengine.googleapis.com/region":"asia-northeast2","cloud.googleapis.com/location":"asia-northeast2","cloud.googleapis.com/region":"asia-northeast2"},"metadata":{"@type":"type.googleapis.com/google.firestore.admin.v1.LocationMetadata"},"locationId":"asia-northeast2","displayName":"Osaka"},{"name":"projects/summer-course-2026-garid/locations/asia-northeast3","labels":{"appengine.googleapis.com/region":"asia-northeast3","cloud.googleapis.com/location":"asia-northeast3","cloud.googleapis.com/region":"asia-northeast3"},"metadata":{"@type":"type.googleapis.com/google.firestore.admin.v1.LocationMetadata"},"locationId":"asia-northeast3","displayName":"Seoul"},{"name":"projects/summer-course-2026-garid/locations/asia-south1","labels":{"appengine.googleapis.com/region":"asia-south1","cloud.googleapis.com/location":"asia-south1","cloud.googleapis.com/region":"asia-south1"},"metadata":{"@type":"type.googleapis.com/google.firestore.admin.v1.LocationMetadata"},"locationId":"asia-south1","displayName":"Mumbai"},{"name":"projects/summer-course-2026-garid/locations/asia-south2","labels":{"cloud.googleapis.com/location":"asia-south2","cloud.googleapis.com/region":"asia-south2"},"metadata":{"@type":"type.googleapis.com/google.firestore.admin.v1.LocationMetadata"},"locationId":"asia-south2","displayName":"Delhi"},{"name":"projects/summer-course-2026-garid/locations/asia-southeast1","labels":{"appengine.googleapis.com/region":"asia-southeast1","cloud.googleapis.com/location":"asia-southeast1","cloud.googleapis.com/region":"asia-southeast1"},"metadata":{"@type":"type.googleapis.com/google.firestore.admin.v1.LocationMetadata"},"locationId":"asia-southeast1","displayName":"Singapore"},{"name":"projects/summer-course-2026-garid/locations/asia-southeast2","labels":{"appengine.googleapis.com/region":"asia-southeast2","cloud.googleapis.com/location":"asia-southeast2","cloud.googleapis.com/region":"asia-southeast2"},"metadata":{"@type":"type.googleapis.com/google.firestore.admin.v1.LocationMetadata"},"locationId":"asia-southeast2","displayName":"Jakarta"},{"name":"projects/summer-course-2026-garid/locations/asia-southeast3","labels":{"cloud.googleapis.com/location":"asia-southeast3","cloud.googleapis.com/region":"asia-southeast3"},"metadata":{"@type":"type.googleapis.com/google.firestore.admin.v1.LocationMetadata"},"locationId":"asia-southeast3","displayName":"Bangkok"},{"name":"projects/summer-course-2026-garid/locations/australia-southeast1","labels":{"appengine.googleapis.com/region":"australia-southeast1","cloud.googleapis.com/location":"australia-southeast1","cloud.googleapis.com/region":"australia-southeast1"},"metadata":{"@type":"type.googleapis.com/google.firestore.admin.v1.LocationMetadata"},"locationId":"australia-southeast1","displayName":"Sydney"},{"name":"projects/summer-course-2026-garid/locations/australia-southeast2","labels":{"cloud.googleapis.com/location":"australia-southeast2","cloud.googleapis.com/region":"australia-southeast2"},"metadata":{"@type":"type.googleapis.com/google.firestore.admin.v1.LocationMetadata"},"locationId":"australia-southeast2","displayName":"Melbourne"},{"name":"projects/summer-course-2026-garid/locations/europe-central2","labels":{"appengine.googleapis.com/region":"europe-central2","cloud.googleapis.com/location":"europe-central2","cloud.googleapis.com/region":"europe-central2"},"metadata":{"@type":"type.googleapis.com/google.firestore.admin.v1.LocationMetadata"},"locationId":"europe-central2","displayName":"Warsaw"},{"name":"projects/summer-course-2026-garid/locations/europe-north1","labels":{"cloud.googleapis.com/location":"europe-north1","cloud.googleapis.com/region":"europe-north1"},"metadata":{"@type":"type.googleapis.com/google.firestore.admin.v1.LocationMetadata"},"locationId":"europe-north1","displayName":"Finland"},{"name":"projects/summer-course-2026-garid/locations/europe-north2","labels":{"cloud.googleapis.com/location":"europe-north2","cloud.googleapis.com/region":"europe-north2"},"metadata":{"@type":"type.googleapis.com/google.firestore.admin.v1.LocationMetadata"},"locationId":"europe-north2","displayName":"Stockholm"},{"name":"projects/summer-course-2026-garid/locations/europe-southwest1","labels":{"cloud.googleapis.com/location":"europe-southwest1","cloud.googleapis.com/region":"europe-southwest1"},"metadata":{"@type":"type.googleapis.com/google.firestore.admin.v1.LocationMetadata"},"locationId":"europe-southwest1","displayName":"Madrid"},{"name":"projects/summer-course-2026-garid/locations/europe-west1","labels":{"cloud.googleapis.com/location":"europe-west1","cloud.googleapis.com/region":"europe-west1"},"metadata":{"@type":"type.googleapis.com/google.firestore.admin.v1.LocationMetadata"},"locationId":"europe-west1","displayName":"Belgium"},{"name":"projects/summer-course-2026-garid/locations/europe-west10","labels":{"cloud.googleapis.com/location":"europe-west10","cloud.googleapis.com/region":"europe-west10"},"metadata":{"@type":"type.googleapis.com/google.firestore.admin.v1.LocationMetadata"},"locationId":"europe-west10","displayName":"Berlin"},{"name":"projects/summer-course-2026-garid/locations/europe-west12","labels":{"cloud.googleapis.com/location":"europe-west12","cloud.googleapis.com/region":"europe-west12"},"metadata":{"@type":"type.googleapis.com/google.firestore.admin.v1.LocationMetadata"},"locationId":"europe-west12","displayName":"Turin"},{"name":"projects/summer-course-2026-garid/locations/europe-west2","labels":{"appengine.googleapis.com/region":"europe-west2","cloud.googleapis.com/location":"europe-west2","cloud.googleapis.com/region":"europe-west2"},"metadata":{"@type":"type.googleapis.com/google.firestore.admin.v1.LocationMetadata"},"locationId":"europe-west2","displayName":"London"},{"name":"projects/summer-course-2026-garid/locations/europe-west3","labels":{"appengine.googleapis.com/region":"europe-west3","cloud.googleapis.com/location":"europe-west3","cloud.googleapis.com/region":"europe-west3"},"metadata":{"@type":"type.googleapis.com/google.firestore.admin.v1.LocationMetadata"},"locationId":"europe-west3","displayName":"Frankfurt"},{"name":"projects/summer-course-2026-garid/locations/europe-west4","labels":{"cloud.googleapis.com/location":"europe-west4","cloud.googleapis.com/region":"europe-west4"},"metadata":{"@type":"type.googleapis.com/google.firestore.admin.v1.LocationMetadata"},"locationId":"europe-west4","displayName":"Netherlands"},{"name":"projects/summer-course-2026-garid/locations/europe-west6","labels":{"appengine.googleapis.com/region":"europe-west6","cloud.googleapis.com/location":"europe-west6","cloud.googleapis.com/region":"europe-west6"},"metadata":{"@type":"type.googleapis.com/google.firestore.admin.v1.LocationMetadata"},"locationId":"europe-west6","displayName":"Zurich"},{"name":"projects/summer-course-2026-garid/locations/europe-west8","labels":{"cloud.googleapis.com/location":"europe-west8","cloud.googleapis.com/region":"europe-west8"},"metadata":{"@type":"type.googleapis.com/google.firestore.admin.v1.LocationMetadata"},"locationId":"europe-west8","displayName":"Milan"},{"name":"projects/summer-course-2026-garid/locations/europe-west9","labels":{"cloud.googleapis.com/location":"europe-west9","cloud.googleapis.com/region":"europe-west9"},"metadata":{"@type":"type.googleapis.com/google.firestore.admin.v1.LocationMetadata"},"locationId":"europe-west9","displayName":"Paris"},{"name":"projects/summer-course-2026-garid/locations/me-central1","labels":{"cloud.googleapis.com/location":"me-central1","cloud.googleapis.com/region":"me-central1"},"metadata":{"@type":"type.googleapis.com/google.firestore.admin.v1.LocationMetadata"},"locationId":"me-central1","displayName":"Doha"},{"name":"projects/summer-course-2026-garid/locations/me-central2","labels":{"cloud.googleapis.com/location":"me-central2","cloud.googleapis.com/region":"me-central2"},"metadata":{"@type":"type.googleapis.com/google.firestore.admin.v1.LocationMetadata"},"locationId":"me-central2","displayName":"Dammam"},{"name":"projects/summer-course-2026-garid/locations/me-west1","labels":{"cloud.googleapis.com/location":"me-west1","cloud.googleapis.com/region":"me-west1"},"metadata":{"@type":"type.googleapis.com/google.firestore.admin.v1.LocationMetadata"},"locationId":"me-west1","displayName":"Tel Aviv"},{"name":"projects/summer-course-2026-garid/locations/northamerica-northeast1","labels":{"appengine.googleapis.com/region":"northamerica-northeast1","cloud.googleapis.com/location":"northamerica-northeast1","cloud.googleapis.com/region":"northamerica-northeast1"},"metadata":{"@type":"type.googleapis.com/google.firestore.admin.v1.LocationMetadata"},"locationId":"northamerica-northeast1","displayName":"Montréal"},{"name":"projects/summer-course-2026-garid/locations/northamerica-northeast2","labels":{"cloud.googleapis.com/location":"northamerica-northeast2","cloud.googleapis.com/region":"northamerica-northeast2"},"metadata":{"@type":"type.googleapis.com/google.firestore.admin.v1.LocationMetadata"},"locationId":"northamerica-northeast2","displayName":"Toronto"},{"name":"projects/summer-course-2026-garid/locations/northamerica-south1","labels":{"cloud.googleapis.com/location":"northamerica-south1","cloud.googleapis.com/region":"northamerica-south1"},"metadata":{"@type":"type.googleapis.com/google.firestore.admin.v1.LocationMetadata"},"locationId":"northamerica-south1","displayName":"Mexico"},{"name":"projects/summer-course-2026-garid/locations/southamerica-east1","labels":{"appengine.googleapis.com/region":"southamerica-east1","cloud.googleapis.com/location":"southamerica-east1","cloud.googleapis.com/region":"southamerica-east1"},"metadata":{"@type":"type.googleapis.com/google.firestore.admin.v1.LocationMetadata"},"locationId":"southamerica-east1","displayName":"São Paulo"},{"name":"projects/summer-course-2026-garid/locations/southamerica-west1","labels":{"cloud.googleapis.com/location":"southamerica-west1","cloud.googleapis.com/region":"southamerica-west1"},"metadata":{"@type":"type.googleapis.com/google.firestore.admin.v1.LocationMetadata"},"locationId":"southamerica-west1","displayName":"Santiago"},{"name":"projects/summer-course-2026-garid/locations/us-central1","labels":{"cloud.googleapis.com/location":"us-central1","cloud.googleapis.com/region":"us-central1"},"metadata":{"@type":"type.googleapis.com/google.firestore.admin.v1.LocationMetadata"},"locationId":"us-central1","displayName":"Iowa"},{"name":"projects/summer-course-2026-garid/locations/us-east1","labels":{"appengine.googleapis.com/region":"us-east1","cloud.googleapis.com/location":"us-east1","cloud.googleapis.com/region":"us-east1"},"metadata":{"@type":"type.googleapis.com/google.firestore.admin.v1.LocationMetadata"},"locationId":"us-east1","displayName":"South Carolina"},{"name":"projects/summer-course-2026-garid/locations/us-east4","labels":{"appengine.googleapis.com/region":"us-east4","cloud.googleapis.com/location":"us-east4","cloud.googleapis.com/region":"us-east4"},"metadata":{"@type":"type.googleapis.com/google.firestore.admin.v1.LocationMetadata"},"locationId":"us-east4","displayName":"Northern Virginia"},{"name":"projects/summer-course-2026-garid/locations/us-east5","labels":{"cloud.googleapis.com/location":"us-east5","cloud.googleapis.com/region":"us-east5"},"metadata":{"@type":"type.googleapis.com/google.firestore.admin.v1.LocationMetadata"},"locationId":"us-east5","displayName":"Columbus"},{"name":"projects/summer-course-2026-garid/locations/us-south1","labels":{"cloud.googleapis.com/location":"us-south1","cloud.googleapis.com/region":"us-south1"},"metadata":{"@type":"type.googleapis.com/google.firestore.admin.v1.LocationMetadata"},"locationId":"us-south1","displayName":"Dallas"},{"name":"projects/summer-course-2026-garid/locations/us-west1","labels":{"appengine.googleapis.com/region":"us-west1","cloud.googleapis.com/location":"us-west1","cloud.googleapis.com/region":"us-west1"},"metadata":{"@type":"type.googleapis.com/google.firestore.admin.v1.LocationMetadata"},"locationId":"us-west1","displayName":"Oregon"},{"name":"projects/summer-course-2026-garid/locations/us-west2","labels":{"appengine.googleapis.com/region":"us-west2","cloud.googleapis.com/location":"us-west2","cloud.googleapis.com/region":"us-west2"},"metadata":{"@type":"type.googleapis.com/google.firestore.admin.v1.LocationMetadata"},"locationId":"us-west2","displayName":"Los Angeles"},{"name":"projects/summer-course-2026-garid/locations/us-west3","labels":{"appengine.googleapis.com/region":"us-west3","cloud.googleapis.com/location":"us-west3","cloud.googleapis.com/region":"us-west3"},"metadata":{"@type":"type.googleapis.com/google.firestore.admin.v1.LocationMetadata"},"locationId":"us-west3","displayName":"Salt Lake City"},{"name":"projects/summer-course-2026-garid/locations/us-west4","labels":{"appengine.googleapis.com/region":"us-west4","cloud.googleapis.com/location":"us-west4","cloud.googleapis.com/region":"us-west4"},"metadata":{"@type":"type.googleapis.com/google.firestore.admin.v1.LocationMetadata"},"locationId":"us-west4","displayName":"Las Vegas"}]}
[info] 
[info] Firestore Security Rules allow you to define how and when to allow
[info] requests. You can keep these rules in your project directory
[info] and publish them with firebase deploy.
[info] 
